------------------------------------------------------------
Timing Analyzer Summary
------------------------------------------------------------

Type  : Slow 1100mV 85C Model Setup 'clk'
Slack : -0.997
TNS   : -6.792

Type  : Slow 1100mV 85C Model Hold 'clk'
Slack : 0.212
TNS   : 0.000

Type  : Slow 1100mV 85C Model Minimum Pulse Width 'clk'
Slack : -0.538
TNS   : -7.101

Type  : Slow 1100mV 0C Model Setup 'clk'
Slack : -0.939
TNS   : -6.505

Type  : Slow 1100mV 0C Model Hold 'clk'
Slack : 0.305
TNS   : 0.000

Type  : Slow 1100mV 0C Model Minimum Pulse Width 'clk'
Slack : -0.538
TNS   : -6.541

Type  : Fast 1100mV 85C Model Setup 'clk'
Slack : 0.037
TNS   : 0.000

Type  : Fast 1100mV 85C Model Hold 'clk'
Slack : 0.140
TNS   : 0.000

Type  : Fast 1100mV 85C Model Minimum Pulse Width 'clk'
Slack : -0.335
TNS   : -2.988

Type  : Fast 1100mV 0C Model Setup 'clk'
Slack : 0.118
TNS   : 0.000

Type  : Fast 1100mV 0C Model Hold 'clk'
Slack : 0.145
TNS   : 0.000

Type  : Fast 1100mV 0C Model Minimum Pulse Width 'clk'
Slack : -0.310
TNS   : -2.665

------------------------------------------------------------
